Command line invocation:
    /Applications/Xcode.app/Contents/Developer/usr/bin/xcodebuild -scheme ProseKit-Package -destination "platform=iOS Simulator,name=iPhone 17" -derivedDataPath .build-xcode "-only-testing:ProseKitPackageTests/RevealRectTests" test-without-building

Resolve Package Graph
2026-07-04 23:25:49.894 xcodebuild[79779:3715481] [MT] IDERunDestination: Supported platforms for the buildables in the current scheme is empty.


Resolved source packages:
  ProseKit: /tmp/claude-501/-Users-jason-Workspace-universe--claude-worktrees-elegant-maxwell-563f87/fc6a8911-6c34-43df-8597-87a1d0f7fb23/scratchpad/ProseKit

2026-07-04 23:25:50.020 xcodebuild[79779:3715481] Writing error result bundle to /var/folders/sl/vl9fswf53l9gp4rx54jy2s2c0000gn/T/ResultBundle_2026-04-07_23-25-0050.xcresult
xcodebuild: error: Failed to build workspace ProseKit with scheme ProseKit-Package.: Tests in the target “ProseKitPackageTests” can’t be run because “ProseKitPackageTests” isn’t a member of the specified test plan or scheme.
